// Jest Snapshot v1, https://goo.gl/fbAQLP

exports[`renders without crashing 1`] = `
<DocumentFragment>
  <div
    class="row justify-content-center jumbotron"
  >
    <table>
      <tbody>
        <tr>
          <th />
          <th>
            <div
              class="spinner-grow spinner-grow-sm text-danger"
            />
            <div
              class="spinner-grow text-danger"
            />
          </th>
        </tr>
        <tr>
          <td>
            <h1>
              Error 404!!! Page Not Found
            </h1>
          </td>
          <td />
        </tr>
      </tbody>
    </table>
  </div>
</DocumentFragment>
`;
